<?xml version="1.0" encoding="UTF-8"?>
<TestRun id="550ee0e5-6db9-4e86-ade0-5738547143bc" name="Administrator@MSSQLSERVER 2020-06-29 17:33:45" runUser="MSSQLSERVER\Administrator" xmlns="http://microsoft.com/schemas/VisualStudio/TeamTest/2006">
  <TestRunConfiguration name="Local Test Run" id="0c7bed46-05ca-4402-a23d-c0f96bab5775">
    <Description>This is a default test run configuration for a local test run.</Description>
    <Deployment runDeploymentRoot="C:\Users\Administrator\Documents\Visual Studio 2008\Projects\TestProjekt\TestResults\Administrator_MSSQLSERVER 2020-06-29 17_33_45">
      <DeploymentItem filename="C:\Users\Administrator\Documents\Visual Studio 2008\Projects\Projekt\Projekt\bin\Debug\Projekt.dll" />
    </Deployment>
    <TestTypeSpecific />
  </TestRunConfiguration>
  <ResultSummary outcome="Failed">
    <Counters total="1" executed="1" error="0" failed="1" timeout="0" aborted="0" inconclusive="0" passedButRunAborted="0" notRunnable="0" notExecuted="0" disconnected="0" warning="0" passed="0" completed="0" inProgress="0" pending="0" />
  </ResultSummary>
  <Times creation="2020-06-29T17:33:45.0070000+02:00" queuing="2020-06-29T17:33:46.1570000+02:00" start="2020-06-29T17:33:46.4460000+02:00" finish="2020-06-29T17:33:47.4040000+02:00" />
  <TestDefinitions>
    <UnitTest name="TestMethod1" storage="c:\users\administrator\documents\visual studio 2008\projects\testprojekt\testprojekt\bin\debug\testprojekt.dll" id="3dd0b74f-4603-a2cd-aaf9-0780086474ea">
      <Css projectStructure="" iteration="" />
      <Owners>
        <Owner name="" />
      </Owners>
      <Execution id="2c9a3fbe-0502-4498-b9f4-3e5813936c60" />
      <TestMethod codeBase="C:\Users\Administrator\Documents\Visual Studio 2008\Projects\TestProjekt\TestProjekt\bin\Debug\TestProjekt.dll" adapterTypeName="Microsoft.VisualStudio.TestTools.TestTypes.Unit.UnitTestAdapter, Microsoft.VisualStudio.QualityTools.Tips.UnitTest.Adapter, Version=9.0.0.0, Culture=neutral, PublicKeyToken=b03f5f7f11d50a3a" className="TestProjekt.UnitTest1, TestProjekt" name="TestMethod1" />
    </UnitTest>
  </TestDefinitions>
  <TestLists>
    <TestList name="Results Not in a List" id="8c84fa94-04c1-424b-9868-57a2d4851a1d" />
    <TestList name="All Loaded Results" id="19431567-8539-422a-85d7-44ee4e166bda" />
  </TestLists>
  <TestEntries>
    <TestEntry testId="3dd0b74f-4603-a2cd-aaf9-0780086474ea" executionId="2c9a3fbe-0502-4498-b9f4-3e5813936c60" testListId="8c84fa94-04c1-424b-9868-57a2d4851a1d" />
  </TestEntries>
  <Results>
    <UnitTestResult executionId="2c9a3fbe-0502-4498-b9f4-3e5813936c60" testId="3dd0b74f-4603-a2cd-aaf9-0780086474ea" testName="TestMethod1" computerName="MSSQLSERVER" duration="00:00:00.1003124" startTime="2020-06-29T17:33:46.8150000+02:00" endTime="2020-06-29T17:33:47.2270000+02:00" testType="13cdc9d9-ddb5-4fa4-a97d-d965ccfc6d4b" outcome="Failed" testListId="8c84fa94-04c1-424b-9868-57a2d4851a1d">
      <Output>
        <ErrorInfo>
          <Message>Assert.Fail failed. Assert.Equals should not be used for Assertions. Please use Assert.AreEqual &amp; overloads instead.</Message>
          <StackTrace>   w TestProjekt.UnitTest1.TestMethod1() w C:\Users\Administrator\Documents\Visual Studio 2008\Projects\TestProjekt\TestProjekt\UnitTest1.cs:wiersz 62
</StackTrace>
        </ErrorInfo>
      </Output>
    </UnitTestResult>
  </Results>
</TestRun>